220 Seiten, 4519 interne Verweise geprüft, 0 Vorschaubilder.
Alle Wege führen irgendwohin.
217 Seiten geprüft. Titel, Beschreibungen und Überschriften sitzen.
graben-motion.mp4                      1920×1080  5.0 s  3.54 MB
graben-motion-klein.mp4                1280×720  5.0 s  0.87 MB
grabung-motion.mp4                     1920×1080  5.0 s  2.08 MB
grabung-motion-klein.mp4               1280×720  5.0 s  0.61 MB
feuer-motion.mp4                       1920×1080  5.0 s  1.53 MB
feuer-motion-klein.mp4                 1280×720  5.0 s  0.46 MB
kap2-motion.mp4                        1920×1080  5.0 s  3.69 MB
kap2-motion-klein.mp4                  1280×720  5.0 s  1.94 MB
feld-motion.mp4                        1920×1080  5.0 s  2.97 MB
feld-motion-klein.mp4                  1280×720  5.0 s  1.12 MB
catal-motion.mp4                       1920×1080  5.0 s  2.19 MB
catal-motion-klein.mp4                 1280×720  5.0 s  0.54 MB
kap3-motion.mp4                        1920×1080  5.0 s  3.04 MB
kap3-motion-klein.mp4                  1280×720  5.0 s  1.10 MB
bibliothek-motion.mp4                  1920×1080  5.0 s  3.20 MB
bibliothek-motion-klein.mp4            1280×720  5.0 s  0.89 MB
kap4-motion.mp4                        1920×1080  5.0 s  3.75 MB
kap4-motion-klein.mp4                  1280×720  5.0 s  0.95 MB
persien-motion.mp4                     1920×1080  5.0 s  2.71 MB
persien-motion-klein.mp4               1280×720  5.0 s  0.82 MB
strasse-motion.mp4                     1920×1080  5.0 s  3.05 MB
strasse-motion-klein.mp4               1280×720  5.0 s  1.19 MB
dunhuang-motion.mp4                    1920×1080  5.0 s  2.76 MB
dunhuang-motion-klein.mp4              1280×720  5.0 s  0.70 MB
kap6-motion.mp4                        1920×1080  5.0 s  1.45 MB
kap6-motion-klein.mp4                  1280×720  5.0 s  0.40 MB
versunken-motion.mp4                   1920×1080  5.0 s  4.23 MB
versunken-motion-klein.mp4             1280×720  5.0 s  1.13 MB
baustelle-motion.mp4                   1920×1080  5.0 s  2.82 MB
baustelle-motion-klein.mp4             1280×720  5.0 s  0.71 MB
welt-ankunft-motion.mp4                1920×1072  5.0 s  0.75 MB
welt-ankunft-motion-klein.mp4          1280×716  5.0 s  0.19 MB
b2-kap07-auftakt-motion.mp4            1920×1072  5.0 s  3.27 MB
b2-kap07-auftakt-motion-klein.mp4      1280×716  5.0 s  0.85 MB
b2-kap07-motiv-motion.mp4              1920×1072  5.0 s  1.53 MB
b2-kap07-motiv-motion-klein.mp4        1280×716  5.0 s  0.47 MB
b2-kap08-auftakt-motion.mp4            1920×1072  5.0 s  1.02 MB
b2-kap08-auftakt-motion-klein.mp4      1280×716  5.0 s  0.34 MB
b2-kap08-motiv-motion.mp4              1920×1072  5.0 s  1.59 MB
b2-kap08-motiv-motion-klein.mp4        1280×716  5.0 s  0.47 MB
b2-kap09-auftakt-motion.mp4            1920×1072  5.0 s  3.60 MB
b2-kap09-auftakt-motion-klein.mp4      1280×716  5.0 s  1.02 MB
b2-kap09-motiv-motion.mp4              1920×1072  5.0 s  1.45 MB
b2-kap09-motiv-motion-klein.mp4        1280×716  5.0 s  0.44 MB
b2-kap10-auftakt-motion.mp4            1920×1072  5.0 s  1.50 MB
b2-kap10-auftakt-motion-klein.mp4      1280×716  5.0 s  0.47 MB
b2-kap10-motiv-motion.mp4              1920×1072  5.0 s  1.21 MB
b2-kap10-motiv-motion-klein.mp4        1280×716  5.0 s  0.41 MB
b2-kap11-auftakt-motion.mp4            1920×1072  5.0 s  2.42 MB
b2-kap11-auftakt-motion-klein.mp4      1280×716  5.0 s  0.66 MB
b2-kap11-motiv-motion.mp4              1920×1072  5.0 s  1.33 MB
b2-kap11-motiv-motion-klein.mp4        1280×716  5.0 s  0.46 MB
welt-karte-motion.mp4                  1920×1072  5.0 s  1.11 MB
welt-karte-motion-klein.mp4            1280×716  5.0 s  0.33 MB
b3-kap12-auftakt-motion.mp4            1758×1178  5.0 s  3.82 MB
b3-kap12-auftakt-motion-klein.mp4      1280×858  5.0 s  2.02 MB
b3-kap12-motiv-motion.mp4              1666×1244  5.0 s  3.89 MB
b3-kap12-motiv-motion-klein.mp4        1164×870  5.0 s  1.19 MB
b3-kap13-auftakt-motion.mp4            1758×1178  5.0 s  3.70 MB
b3-kap13-auftakt-motion-klein.mp4      1280×858  5.0 s  1.22 MB
b3-kap13-motiv-motion.mp4              1758×1178  5.0 s  2.70 MB
b3-kap13-motiv-motion-klein.mp4        1280×858  5.0 s  1.49 MB
b3-kap14-auftakt-motion.mp4            1758×1178  5.0 s  2.99 MB
b3-kap14-auftakt-motion-klein.mp4      1280×858  5.0 s  1.09 MB
b3-kap14-motiv-motion.mp4              1666×1244  5.0 s  3.15 MB
b3-kap14-motiv-motion-klein.mp4        1164×870  5.0 s  1.33 MB
b3-kap15-auftakt-motion.mp4            1758×1178  5.0 s  3.45 MB
b3-kap15-auftakt-motion-klein.mp4      1280×858  5.0 s  1.16 MB
b3-kap15-motiv-motion.mp4              1758×1178  5.0 s  2.89 MB
b3-kap15-motiv-motion-klein.mp4        1280×858  5.0 s  1.44 MB
b3-kap16-auftakt-motion.mp4            1236×1300  5.0 s  3.24 MB
b3-kap16-auftakt-motion-klein.mp4      828×870  5.0 s  1.28 MB
b3-kap16-motiv-motion.mp4              1920×708  5.0 s  2.64 MB
b3-kap16-motiv-motion-klein.mp4        1280×472  5.0 s  0.71 MB

74 Videodateien geprüft – in Ordnung.
